<html>
<body>
<pre>
<h1>µVision Build Log</h1>
<h2>Tool Versions:</h2>
IDE-Version: µVision V5.23.0.0
Copyright (C) 2017 ARM Ltd and ARM Germany GmbH. All rights reserved.
License Information: Dmitry Dmitry, Dmitry, LIC=----
 
Tool Versions:
Toolchain:       MDK-Lite  Version: 5.23
Toolchain Path:  C:\Keil_v5\ARM\ARMCC\Bin
C Compiler:      Armcc.exe V5.06 update 4 (build 422)
Assembler:       Armasm.exe V5.06 update 4 (build 422)
Linker/Locator:  ArmLink.exe V5.06 update 4 (build 422)
Library Manager: ArmAr.exe V5.06 update 4 (build 422)
Hex Converter:   FromElf.exe V5.06 update 4 (build 422)
CPU DLL:         SARMCM3.DLL V5.23
Dialog DLL:      DARMSTM.DLL V1.68.0.0
Target DLL:      STLink\ST-LINKIII-KEIL_SWO.dll V2.0.18.0
Dialog DLL:      TARMSTM.DLL V1.66.0.0
 
<h2>Project:</h2>
C:\Users\Dmitry\Desktop\Keil_4_Empty_Project (1)\Keil_4_Empty_Project\dummy.uvproj
Project File Date:  10/09/2017

<h2>Output:</h2>
*** Using Compiler 'V5.06 update 4 (build 422)', folder: 'C:\Keil_v5\ARM\ARMCC\Bin'
Build target 'Target 1'
compiling main.c...
src\main.c(25): warning:  #69-D: integer conversion resulted in truncation
  i8=2100;
src\main.c(26): warning:  #69-D: integer conversion resulted in truncation
  i8=10240;
src\main.c(27): warning:  #69-D: integer conversion resulted in truncation
  i8=0x12345;
src\main.c(36): warning:  #69-D: integer conversion resulted in truncation
  i16=0x12345;
src\main.c(58): warning:  #69-D: integer conversion resulted in truncation
  ui8=2100;
src\main.c(59): warning:  #69-D: integer conversion resulted in truncation
  ui8=10240;
src\main.c(60): warning:  #69-D: integer conversion resulted in truncation
  ui8=0x12345;
src\main.c(61): warning:  #68-D: integer conversion resulted in a change of sign
  ui8=-120;
src\main.c(67): warning:  #69-D: integer conversion resulted in truncation
  ui16=0x12345;
src\main.c(68): warning:  #68-D: integer conversion resulted in a change of sign
  ui16=-120;
src\main.c(75): warning:  #68-D: integer conversion resulted in a change of sign
  ui32=-120;
src\main.c(82): warning:  #68-D: integer conversion resulted in a change of sign
  ui64=-120;
src\main.c: 12 warnings, 0 errors
linking...
Program Size: Code=1292 RO-data=268 RW-data=80 ZI-data=1688  
".\obj\dummy.axf" - 0 Error(s), 12 Warning(s).
Build Time Elapsed:  00:00:01
</pre>
</body>
</html>
